// Jest Snapshot v1, https://goo.gl/fbAQLP

exports[`Pruebas en el componente de <SearchCategory /> debe de mostrar el componente correctamente  1`] = `
<Fragment>
  <h3
    className="animate__animated animate__fadeIn"
  >
    One Punch
  </h3>
  <div
    className="card-grid"
  >
    <p
      className=" animate__animated animate__pulse"
    >
      Cargando ...
    </p>
  </div>
</Fragment>
`;
